2025-09-18T15:33:07.159Z [0x7F610180] INFO  bridge - configure_logger.cpp: Initialized TEXT logging (console + file='bridge_text.log', BRIDGE_LOG_LEVEL=0x9F)
2025-09-18T15:33:07.159Z [0x7F610180] INFO  bridge - main.cpp: Bridge Control Plane starting...
2025-09-18T15:33:07.159Z [0x7F610180] INFO  bridge - main.cpp: Component ID: 15:10
2025-09-18T15:33:07.159Z [0x7F610180] INFO  bridge - main.cpp: OM Port: 8100
2025-09-18T15:33:07.159Z [0x7F610180] INFO  bridge - main.cpp: Discovery Service: 192.168.50.114:9090
2025-09-18T15:33:07.159Z [0x7F610180] INFO  bridge - main.cpp: MGWCP Server Port: 7000
2025-09-18T15:33:07.159Z [0x7F610180] INFO  bridge - main.cpp: Registered signal handlers for graceful shutdown and crash handling
2025-09-18T15:33:07.159Z [0x7F610180] INFO  bridge - main.cpp: Creating Bridge Control Plane instance...
2025-09-18T15:33:07.159Z [0x7F610180] INFO  bridge - RoutingTable: Initialized and reserved space for 1000 potential key entries.
2025-09-18T15:33:07.159Z [0x7F610180] INFO  bridge - BridgeControlPlane.cpp: Bridge Control Plane constructed
2025-09-18T15:33:07.159Z [0x7F610180] INFO  bridge - main.cpp: Starting Bridge Control Plane...
2025-09-18T15:33:07.159Z [0x7F610180] INFO  bridge - BridgeControlPlane.cpp: Starting Bridge Control Plane...
2025-09-18T15:33:07.159Z [0x7F610180] INFO  bridge - BridgeControlPlane.cpp: Registering with Discovery Service at 192.168.50.114:9090
2025-09-18T15:33:10.349Z [0x7F610180] INFO  bridge - main.cpp: Received signal 2 (SIGINT). Initiating graceful shutdown...
2025-09-18T15:33:10.776Z [0x7F610180] INFO  bridge - main.cpp: Received signal 2 (SIGINT). Initiating graceful shutdown...
2025-09-18T15:33:10.983Z [0x7F610180] INFO  bridge - main.cpp: Received signal 2 (SIGINT). Initiating graceful shutdown...
2025-09-18T15:33:11.159Z [0x7F610180] INFO  bridge - main.cpp: Received signal 2 (SIGINT). Initiating graceful shutdown...
2025-09-18T15:33:11.322Z [0x7F610180] INFO  bridge - main.cpp: Received signal 2 (SIGINT). Initiating graceful shutdown...
2025-09-18T15:33:11.471Z [0x7F610180] INFO  bridge - main.cpp: Received signal 2 (SIGINT). Initiating graceful shutdown...
2025-09-18T15:33:11.682Z [0x7F610180] INFO  bridge - main.cpp: Received signal 2 (SIGINT). Initiating graceful shutdown...
2025-09-18T15:33:11.844Z [0x7F610180] INFO  bridge - main.cpp: Received signal 2 (SIGINT). Initiating graceful shutdown...
2025-09-18T15:33:12.027Z [0x7F610180] INFO  bridge - main.cpp: Received signal 2 (SIGINT). Initiating graceful shutdown...
2025-09-18T15:33:14.704Z [0x7F610180] INFO  bridge - main.cpp: Received signal 2 (SIGINT). Initiating graceful shutdown...
2025-09-18T15:33:14.909Z [0x7F610180] INFO  bridge - main.cpp: Received signal 2 (SIGINT). Initiating graceful shutdown...
2025-09-18T15:33:15.068Z [0x7F610180] INFO  bridge - main.cpp: Received signal 2 (SIGINT). Initiating graceful shutdown...
2025-09-18T15:33:15.256Z [0x7F610180] INFO  bridge - main.cpp: Received signal 2 (SIGINT). Initiating graceful shutdown...
2025-09-18T15:33:15.435Z [0x7F610180] INFO  bridge - main.cpp: Received signal 2 (SIGINT). Initiating graceful shutdown...
2025-09-18T15:35:20.045Z [0x7F610180] ERROR bridge - BridgeControlPlane.cpp: Failed to connect to Discovery Service
2025-09-18T15:35:20.045Z [0x7F610180] ERROR bridge - BridgeControlPlane.cpp: Failed to register with Discovery Service
2025-09-18T15:35:20.045Z [0x7F610180] ERROR bridge - main.cpp: Failed to start Bridge Control Plane
2025-09-18T15:35:20.045Z [0x7F610180] INFO  bridge - main.cpp: Final status - Discovery connected: false, OM connected: false, MGWCP connections: 0
2025-09-18T15:35:20.045Z [0x7F610180] INFO  bridge - main.cpp: Destroying Bridge Control Plane instance...
2025-09-18T15:35:20.045Z [0x7F610180] INFO  bridge - BridgeControlPlane.cpp: Bridge Control Plane destructor called
2025-09-18T15:35:20.045Z [0x7F610180] ERROR bridge - main.cpp: Bridge Control Plane shutdown completed with errors (exit code: 1)
